
> minume-xvii-frontend@1.0.0 start
> react-scripts start

Starting the development server...

Compiled successfully!

You can now view minume-xvii-frontend in the browser.

  Local:            http://localhost:3000
  On Your Network:  http://192.168.100.46:3000

Note that the development build is not optimized.
To create a production build, use npm run build.

webpack compiled [1m[32msuccessfully[39m[22m
Compiling...
Compiled successfully!
webpack compiled [1m[32msuccessfully[39m[22m
Compiling...
Compiled successfully!
webpack compiled [1m[32msuccessfully[39m[22m
Compiling...
Compiled with warnings.

[eslint] 
src\pages\AssignmentDetail.jsx
  Line 1:17:  'useCallback' is defined but never used                                                                      no-unused-vars
  Line 1:41:  'useMemo' is defined but never used                                                                          no-unused-vars
  Line 21:7:  'parseEvaluationCriteria' is assigned a value but never used                                                 no-unused-vars
  Line 91:6:  React Hook useEffect has a missing dependency: 'loadData'. Either include it or remove the dependency array  react-hooks/exhaustive-deps

Search for the keywords to learn more about each warning.
To ignore, add // eslint-disable-next-line to the line before.

[1m[33mWARNING[39m[22m in [1m[eslint] 
src\pages\AssignmentDetail.jsx
  Line 1:17:  'useCallback' is defined but never used                                                                      no-unused-vars
  Line 1:41:  'useMemo' is defined but never used                                                                          no-unused-vars
  Line 21:7:  'parseEvaluationCriteria' is assigned a value but never used                                                 no-unused-vars
  Line 91:6:  React Hook useEffect has a missing dependency: 'loadData'. Either include it or remove the dependency array  react-hooks/exhaustive-deps

[39m[22m

webpack compiled with [1m[33m1 warning[39m[22m
Compiling...
Compiled with warnings.

[eslint] 
src\pages\AssignmentDetail.jsx
  Line 94:9:  'rubricTotal' is assigned a value but never used  no-unused-vars

Search for the keywords to learn more about each warning.
To ignore, add // eslint-disable-next-line to the line before.

[1m[33mWARNING[39m[22m in [1m[eslint] 
src\pages\AssignmentDetail.jsx
  Line 94:9:  'rubricTotal' is assigned a value but never used  no-unused-vars

[39m[22m

webpack compiled with [1m[33m1 warning[39m[22m
Compiling...
Compiled with warnings.

[eslint] 
src\pages\AssignmentDetail.jsx
  Line 94:9:  'rubricTotal' is assigned a value but never used  no-unused-vars

Search for the keywords to learn more about each warning.
To ignore, add // eslint-disable-next-line to the line before.

[1m[33mWARNING[39m[22m in [1m[eslint] 
src\pages\AssignmentDetail.jsx
  Line 94:9:  'rubricTotal' is assigned a value but never used  no-unused-vars

[39m[22m

webpack compiled with [1m[33m1 warning[39m[22m
Compiling...
Compiled successfully!
webpack compiled [1m[32msuccessfully[39m[22m
Compiling...
Compiled successfully!
webpack compiled [1m[32msuccessfully[39m[22m
Compiling...
Compiled successfully!
webpack compiled [1m[32msuccessfully[39m[22m
Compiling...
Compiled with warnings.

[eslint] 
src\pages\CommissionDetail.jsx
  Line 115:9:  'removeRubricRow' is assigned a value but never used  no-unused-vars

Search for the keywords to learn more about each warning.
To ignore, add // eslint-disable-next-line to the line before.

[1m[33mWARNING[39m[22m in [1m[eslint] 
src\pages\CommissionDetail.jsx
  Line 115:9:  'removeRubricRow' is assigned a value but never used  no-unused-vars

[39m[22m

webpack compiled with [1m[33m1 warning[39m[22m
Compiling...
Compiled successfully!
webpack compiled [1m[32msuccessfully[39m[22m
Compiling...
Compiled successfully!
webpack compiled [1m[32msuccessfully[39m[22m
Compiling...
Compiled with warnings.

[eslint] 
src\pages\Dashboard.jsx
  Line 23:10:  'assignments' is assigned a value but never used  no-unused-vars
  Line 24:10:  'error' is assigned a value but never used        no-unused-vars

Search for the keywords to learn more about each warning.
To ignore, add // eslint-disable-next-line to the line before.

[1m[33mWARNING[39m[22m in [1m[eslint] 
src\pages\Dashboard.jsx
  Line 23:10:  'assignments' is assigned a value but never used  no-unused-vars
  Line 24:10:  '[1m[31merror[39m[22m[1m' is assigned a value but never used        no-unused-vars

[39m[22m

webpack compiled with [1m[33m1 warning[39m[22m
Compiling...
Compiled with warnings.

[eslint] 
src\pages\Dashboard.jsx
  Line 23:10:  'assignments' is assigned a value but never used  no-unused-vars

Search for the keywords to learn more about each warning.
To ignore, add // eslint-disable-next-line to the line before.

[1m[33mWARNING[39m[22m in [1m[eslint] 
src\pages\Dashboard.jsx
  Line 23:10:  'assignments' is assigned a value but never used  no-unused-vars

[39m[22m

webpack compiled with [1m[33m1 warning[39m[22m
Compiling...
Compiled with warnings.

[eslint] 
src\pages\Dashboard.jsx
  Line 23:10:  'assignments' is assigned a value but never used  no-unused-vars

Search for the keywords to learn more about each warning.
To ignore, add // eslint-disable-next-line to the line before.

[1m[33mWARNING[39m[22m in [1m[eslint] 
src\pages\Dashboard.jsx
  Line 23:10:  'assignments' is assigned a value but never used  no-unused-vars

[39m[22m

webpack compiled with [1m[33m1 warning[39m[22m
Compiling...
Compiled with warnings.

[eslint] 
src\pages\Dashboard.jsx
  Line 23:10:  'assignments' is assigned a value but never used  no-unused-vars

Search for the keywords to learn more about each warning.
To ignore, add // eslint-disable-next-line to the line before.

[1m[33mWARNING[39m[22m in [1m[eslint] 
src\pages\Dashboard.jsx
  Line 23:10:  'assignments' is assigned a value but never used  no-unused-vars

[39m[22m

webpack compiled with [1m[33m1 warning[39m[22m
Compiling...
Compiled successfully!
webpack compiled [1m[32msuccessfully[39m[22m
Compiling...
Compiled successfully!
webpack compiled [1m[32msuccessfully[39m[22m
Compiling...
Compiled successfully!
webpack compiled [1m[32msuccessfully[39m[22m
Compiling...
Compiled successfully!
webpack compiled [1m[32msuccessfully[39m[22m
Compiling...
Compiled successfully!
webpack compiled [1m[32msuccessfully[39m[22m
Compiling...
Compiled successfully!
webpack compiled [1m[32msuccessfully[39m[22m
Compiling...
Compiled successfully!
webpack compiled [1m[32msuccessfully[39m[22m
Compiling...
Compiled successfully!
webpack compiled [1m[32msuccessfully[39m[22m
Compiling...
Compiled successfully!
webpack compiled [1m[32msuccessfully[39m[22m
Compiling...
Compiled successfully!
webpack compiled [1m[32msuccessfully[39m[22m
Compiling...
Compiled successfully!
webpack compiled [1m[32msuccessfully[39m[22m
Compiling...
Compiled with warnings.

[eslint] 
src\pages\AssignmentDetail.jsx
  Line 73:10:  'gradingSubmissionId' is assigned a value but never used  no-unused-vars
  Line 80:9:   'canEvaluate' is assigned a value but never used          no-unused-vars
  Line 135:9:  'updateGradingForm' is assigned a value but never used    no-unused-vars
  Line 147:9:  'submitEvaluation' is assigned a value but never used     no-unused-vars

Search for the keywords to learn more about each warning.
To ignore, add // eslint-disable-next-line to the line before.

[1m[33mWARNING[39m[22m in [1m[eslint] 
src\pages\AssignmentDetail.jsx
  Line 73:10:  'gradingSubmissionId' is assigned a value but never used  no-unused-vars
  Line 80:9:   'canEvaluate' is assigned a value but never used          no-unused-vars
  Line 135:9:  'updateGradingForm' is assigned a value but never used    no-unused-vars
  Line 147:9:  'submitEvaluation' is assigned a value but never used     no-unused-vars

[39m[22m

webpack compiled with [1m[33m1 warning[39m[22m
Failed to compile.

Module not found: Error: Can't resolve './pages/AssignmentDetail' in 'C:\Users\Owner\Downloads\MINUME_XVII_Guia_VS_Code\frontend\src'
[1m[33mWARNING[39m[22m in [1m[eslint] 
src\pages\AssignmentDetail.jsx
  Line 73:10:  'gradingSubmissionId' is assigned a value but never used  no-unused-vars
  Line 80:9:   'canEvaluate' is assigned a value but never used          no-unused-vars
  Line 135:9:  'updateGradingForm' is assigned a value but never used    no-unused-vars
  Line 147:9:  'submitEvaluation' is assigned a value but never used     no-unused-vars

[39m[22m

[1m[31mERROR[39m[22m in [1m./src/App.jsx[39m[22m [1m[32m18:0-56[39m[22m
[1mModule [1m[31mnot found[39m[22m[1m: [1m[31mError[39m[22m[1m: Can't resolve './pages/AssignmentDetail' in 'C:\Users\Owner\Downloads\MINUME_XVII_Guia_VS_Code\frontend\src'[39m[22m

webpack compiled with [1m[31m1 error[39m[22m and [1m[33m1 warning[39m[22m
Compiling...
Compiled successfully!
webpack compiled [1m[32msuccessfully[39m[22m
