
> minume-xvii-backend@1.0.0 start
> node server.js

MINUME XVII backend corriendo en http://localhost:3001
Error: Origen no permitido por CORS
    at origin (C:\Users\Owner\Downloads\MINUME_XVII_Guia_VS_Code\backend\server.js:76:23)
    at C:\Users\Owner\Downloads\MINUME_XVII_Guia_VS_Code\backend\node_modules\cors\lib\index.js:219:13
    at optionsCallback (C:\Users\Owner\Downloads\MINUME_XVII_Guia_VS_Code\backend\node_modules\cors\lib\index.js:199:9)
    at corsMiddleware (C:\Users\Owner\Downloads\MINUME_XVII_Guia_VS_Code\backend\node_modules\cors\lib\index.js:204:7)
    at Layer.handle [as handle_request] (C:\Users\Owner\Downloads\MINUME_XVII_Guia_VS_Code\backend\node_modules\express\lib\router\layer.js:95:5)
    at trim_prefix (C:\Users\Owner\Downloads\MINUME_XVII_Guia_VS_Code\backend\node_modules\express\lib\router\index.js:328:13)
    at C:\Users\Owner\Downloads\MINUME_XVII_Guia_VS_Code\backend\node_modules\express\lib\router\index.js:286:9
    at router.process_params (C:\Users\Owner\Downloads\MINUME_XVII_Guia_VS_Code\backend\node_modules\express\lib\router\index.js:346:12)
    at next (C:\Users\Owner\Downloads\MINUME_XVII_Guia_VS_Code\backend\node_modules\express\lib\router\index.js:280:10)
    at internalNext (C:\Users\Owner\Downloads\MINUME_XVII_Guia_VS_Code\backend\node_modules\helmet\index.cjs:537:6)
Error: Origen no permitido por CORS
    at origin (C:\Users\Owner\Downloads\MINUME_XVII_Guia_VS_Code\backend\server.js:76:23)
    at C:\Users\Owner\Downloads\MINUME_XVII_Guia_VS_Code\backend\node_modules\cors\lib\index.js:219:13
    at optionsCallback (C:\Users\Owner\Downloads\MINUME_XVII_Guia_VS_Code\backend\node_modules\cors\lib\index.js:199:9)
    at corsMiddleware (C:\Users\Owner\Downloads\MINUME_XVII_Guia_VS_Code\backend\node_modules\cors\lib\index.js:204:7)
    at Layer.handle [as handle_request] (C:\Users\Owner\Downloads\MINUME_XVII_Guia_VS_Code\backend\node_modules\express\lib\router\layer.js:95:5)
    at trim_prefix (C:\Users\Owner\Downloads\MINUME_XVII_Guia_VS_Code\backend\node_modules\express\lib\router\index.js:328:13)
    at C:\Users\Owner\Downloads\MINUME_XVII_Guia_VS_Code\backend\node_modules\express\lib\router\index.js:286:9
    at router.process_params (C:\Users\Owner\Downloads\MINUME_XVII_Guia_VS_Code\backend\node_modules\express\lib\router\index.js:346:12)
    at next (C:\Users\Owner\Downloads\MINUME_XVII_Guia_VS_Code\backend\node_modules\express\lib\router\index.js:280:10)
    at internalNext (C:\Users\Owner\Downloads\MINUME_XVII_Guia_VS_Code\backend\node_modules\helmet\index.cjs:537:6)
Error: Origen no permitido por CORS
    at origin (C:\Users\Owner\Downloads\MINUME_XVII_Guia_VS_Code\backend\server.js:76:23)
    at C:\Users\Owner\Downloads\MINUME_XVII_Guia_VS_Code\backend\node_modules\cors\lib\index.js:219:13
    at optionsCallback (C:\Users\Owner\Downloads\MINUME_XVII_Guia_VS_Code\backend\node_modules\cors\lib\index.js:199:9)
    at corsMiddleware (C:\Users\Owner\Downloads\MINUME_XVII_Guia_VS_Code\backend\node_modules\cors\lib\index.js:204:7)
    at Layer.handle [as handle_request] (C:\Users\Owner\Downloads\MINUME_XVII_Guia_VS_Code\backend\node_modules\express\lib\router\layer.js:95:5)
    at trim_prefix (C:\Users\Owner\Downloads\MINUME_XVII_Guia_VS_Code\backend\node_modules\express\lib\router\index.js:328:13)
    at C:\Users\Owner\Downloads\MINUME_XVII_Guia_VS_Code\backend\node_modules\express\lib\router\index.js:286:9
    at router.process_params (C:\Users\Owner\Downloads\MINUME_XVII_Guia_VS_Code\backend\node_modules\express\lib\router\index.js:346:12)
    at next (C:\Users\Owner\Downloads\MINUME_XVII_Guia_VS_Code\backend\node_modules\express\lib\router\index.js:280:10)
    at internalNext (C:\Users\Owner\Downloads\MINUME_XVII_Guia_VS_Code\backend\node_modules\helmet\index.cjs:537:6)
Error: Origen no permitido por CORS
    at origin (C:\Users\Owner\Downloads\MINUME_XVII_Guia_VS_Code\backend\server.js:76:23)
    at C:\Users\Owner\Downloads\MINUME_XVII_Guia_VS_Code\backend\node_modules\cors\lib\index.js:219:13
    at optionsCallback (C:\Users\Owner\Downloads\MINUME_XVII_Guia_VS_Code\backend\node_modules\cors\lib\index.js:199:9)
    at corsMiddleware (C:\Users\Owner\Downloads\MINUME_XVII_Guia_VS_Code\backend\node_modules\cors\lib\index.js:204:7)
    at Layer.handle [as handle_request] (C:\Users\Owner\Downloads\MINUME_XVII_Guia_VS_Code\backend\node_modules\express\lib\router\layer.js:95:5)
    at trim_prefix (C:\Users\Owner\Downloads\MINUME_XVII_Guia_VS_Code\backend\node_modules\express\lib\router\index.js:328:13)
    at C:\Users\Owner\Downloads\MINUME_XVII_Guia_VS_Code\backend\node_modules\express\lib\router\index.js:286:9
    at router.process_params (C:\Users\Owner\Downloads\MINUME_XVII_Guia_VS_Code\backend\node_modules\express\lib\router\index.js:346:12)
    at next (C:\Users\Owner\Downloads\MINUME_XVII_Guia_VS_Code\backend\node_modules\express\lib\router\index.js:280:10)
    at internalNext (C:\Users\Owner\Downloads\MINUME_XVII_Guia_VS_Code\backend\node_modules\helmet\index.cjs:537:6)
Error: Origen no permitido por CORS
    at origin (C:\Users\Owner\Downloads\MINUME_XVII_Guia_VS_Code\backend\server.js:76:23)
    at C:\Users\Owner\Downloads\MINUME_XVII_Guia_VS_Code\backend\node_modules\cors\lib\index.js:219:13
    at optionsCallback (C:\Users\Owner\Downloads\MINUME_XVII_Guia_VS_Code\backend\node_modules\cors\lib\index.js:199:9)
    at corsMiddleware (C:\Users\Owner\Downloads\MINUME_XVII_Guia_VS_Code\backend\node_modules\cors\lib\index.js:204:7)
    at Layer.handle [as handle_request] (C:\Users\Owner\Downloads\MINUME_XVII_Guia_VS_Code\backend\node_modules\express\lib\router\layer.js:95:5)
    at trim_prefix (C:\Users\Owner\Downloads\MINUME_XVII_Guia_VS_Code\backend\node_modules\express\lib\router\index.js:328:13)
    at C:\Users\Owner\Downloads\MINUME_XVII_Guia_VS_Code\backend\node_modules\express\lib\router\index.js:286:9
    at router.process_params (C:\Users\Owner\Downloads\MINUME_XVII_Guia_VS_Code\backend\node_modules\express\lib\router\index.js:346:12)
    at next (C:\Users\Owner\Downloads\MINUME_XVII_Guia_VS_Code\backend\node_modules\express\lib\router\index.js:280:10)
    at internalNext (C:\Users\Owner\Downloads\MINUME_XVII_Guia_VS_Code\backend\node_modules\helmet\index.cjs:537:6)
Error: Origen no permitido por CORS
    at origin (C:\Users\Owner\Downloads\MINUME_XVII_Guia_VS_Code\backend\server.js:76:23)
    at C:\Users\Owner\Downloads\MINUME_XVII_Guia_VS_Code\backend\node_modules\cors\lib\index.js:219:13
    at optionsCallback (C:\Users\Owner\Downloads\MINUME_XVII_Guia_VS_Code\backend\node_modules\cors\lib\index.js:199:9)
    at corsMiddleware (C:\Users\Owner\Downloads\MINUME_XVII_Guia_VS_Code\backend\node_modules\cors\lib\index.js:204:7)
    at Layer.handle [as handle_request] (C:\Users\Owner\Downloads\MINUME_XVII_Guia_VS_Code\backend\node_modules\express\lib\router\layer.js:95:5)
    at trim_prefix (C:\Users\Owner\Downloads\MINUME_XVII_Guia_VS_Code\backend\node_modules\express\lib\router\index.js:328:13)
    at C:\Users\Owner\Downloads\MINUME_XVII_Guia_VS_Code\backend\node_modules\express\lib\router\index.js:286:9
    at router.process_params (C:\Users\Owner\Downloads\MINUME_XVII_Guia_VS_Code\backend\node_modules\express\lib\router\index.js:346:12)
    at next (C:\Users\Owner\Downloads\MINUME_XVII_Guia_VS_Code\backend\node_modules\express\lib\router\index.js:280:10)
    at internalNext (C:\Users\Owner\Downloads\MINUME_XVII_Guia_VS_Code\backend\node_modules\helmet\index.cjs:537:6)
Error: Origen no permitido por CORS
    at origin (C:\Users\Owner\Downloads\MINUME_XVII_Guia_VS_Code\backend\server.js:76:23)
    at C:\Users\Owner\Downloads\MINUME_XVII_Guia_VS_Code\backend\node_modules\cors\lib\index.js:219:13
    at optionsCallback (C:\Users\Owner\Downloads\MINUME_XVII_Guia_VS_Code\backend\node_modules\cors\lib\index.js:199:9)
    at corsMiddleware (C:\Users\Owner\Downloads\MINUME_XVII_Guia_VS_Code\backend\node_modules\cors\lib\index.js:204:7)
    at Layer.handle [as handle_request] (C:\Users\Owner\Downloads\MINUME_XVII_Guia_VS_Code\backend\node_modules\express\lib\router\layer.js:95:5)
    at trim_prefix (C:\Users\Owner\Downloads\MINUME_XVII_Guia_VS_Code\backend\node_modules\express\lib\router\index.js:328:13)
    at C:\Users\Owner\Downloads\MINUME_XVII_Guia_VS_Code\backend\node_modules\express\lib\router\index.js:286:9
    at router.process_params (C:\Users\Owner\Downloads\MINUME_XVII_Guia_VS_Code\backend\node_modules\express\lib\router\index.js:346:12)
    at next (C:\Users\Owner\Downloads\MINUME_XVII_Guia_VS_Code\backend\node_modules\express\lib\router\index.js:280:10)
    at internalNext (C:\Users\Owner\Downloads\MINUME_XVII_Guia_VS_Code\backend\node_modules\helmet\index.cjs:537:6)
Error: Origen no permitido por CORS
    at origin (C:\Users\Owner\Downloads\MINUME_XVII_Guia_VS_Code\backend\server.js:76:23)
    at C:\Users\Owner\Downloads\MINUME_XVII_Guia_VS_Code\backend\node_modules\cors\lib\index.js:219:13
    at optionsCallback (C:\Users\Owner\Downloads\MINUME_XVII_Guia_VS_Code\backend\node_modules\cors\lib\index.js:199:9)
    at corsMiddleware (C:\Users\Owner\Downloads\MINUME_XVII_Guia_VS_Code\backend\node_modules\cors\lib\index.js:204:7)
    at Layer.handle [as handle_request] (C:\Users\Owner\Downloads\MINUME_XVII_Guia_VS_Code\backend\node_modules\express\lib\router\layer.js:95:5)
    at trim_prefix (C:\Users\Owner\Downloads\MINUME_XVII_Guia_VS_Code\backend\node_modules\express\lib\router\index.js:328:13)
    at C:\Users\Owner\Downloads\MINUME_XVII_Guia_VS_Code\backend\node_modules\express\lib\router\index.js:286:9
    at router.process_params (C:\Users\Owner\Downloads\MINUME_XVII_Guia_VS_Code\backend\node_modules\express\lib\router\index.js:346:12)
    at next (C:\Users\Owner\Downloads\MINUME_XVII_Guia_VS_Code\backend\node_modules\express\lib\router\index.js:280:10)
    at internalNext (C:\Users\Owner\Downloads\MINUME_XVII_Guia_VS_Code\backend\node_modules\helmet\index.cjs:537:6)
Error: Origen no permitido por CORS
    at origin (C:\Users\Owner\Downloads\MINUME_XVII_Guia_VS_Code\backend\server.js:76:23)
    at C:\Users\Owner\Downloads\MINUME_XVII_Guia_VS_Code\backend\node_modules\cors\lib\index.js:219:13
    at optionsCallback (C:\Users\Owner\Downloads\MINUME_XVII_Guia_VS_Code\backend\node_modules\cors\lib\index.js:199:9)
    at corsMiddleware (C:\Users\Owner\Downloads\MINUME_XVII_Guia_VS_Code\backend\node_modules\cors\lib\index.js:204:7)
    at Layer.handle [as handle_request] (C:\Users\Owner\Downloads\MINUME_XVII_Guia_VS_Code\backend\node_modules\express\lib\router\layer.js:95:5)
    at trim_prefix (C:\Users\Owner\Downloads\MINUME_XVII_Guia_VS_Code\backend\node_modules\express\lib\router\index.js:328:13)
    at C:\Users\Owner\Downloads\MINUME_XVII_Guia_VS_Code\backend\node_modules\express\lib\router\index.js:286:9
    at router.process_params (C:\Users\Owner\Downloads\MINUME_XVII_Guia_VS_Code\backend\node_modules\express\lib\router\index.js:346:12)
    at next (C:\Users\Owner\Downloads\MINUME_XVII_Guia_VS_Code\backend\node_modules\express\lib\router\index.js:280:10)
    at internalNext (C:\Users\Owner\Downloads\MINUME_XVII_Guia_VS_Code\backend\node_modules\helmet\index.cjs:537:6)
Error: Origen no permitido por CORS
    at origin (C:\Users\Owner\Downloads\MINUME_XVII_Guia_VS_Code\backend\server.js:76:23)
    at C:\Users\Owner\Downloads\MINUME_XVII_Guia_VS_Code\backend\node_modules\cors\lib\index.js:219:13
    at optionsCallback (C:\Users\Owner\Downloads\MINUME_XVII_Guia_VS_Code\backend\node_modules\cors\lib\index.js:199:9)
    at corsMiddleware (C:\Users\Owner\Downloads\MINUME_XVII_Guia_VS_Code\backend\node_modules\cors\lib\index.js:204:7)
    at Layer.handle [as handle_request] (C:\Users\Owner\Downloads\MINUME_XVII_Guia_VS_Code\backend\node_modules\express\lib\router\layer.js:95:5)
    at trim_prefix (C:\Users\Owner\Downloads\MINUME_XVII_Guia_VS_Code\backend\node_modules\express\lib\router\index.js:328:13)
    at C:\Users\Owner\Downloads\MINUME_XVII_Guia_VS_Code\backend\node_modules\express\lib\router\index.js:286:9
    at router.process_params (C:\Users\Owner\Downloads\MINUME_XVII_Guia_VS_Code\backend\node_modules\express\lib\router\index.js:346:12)
    at next (C:\Users\Owner\Downloads\MINUME_XVII_Guia_VS_Code\backend\node_modules\express\lib\router\index.js:280:10)
    at internalNext (C:\Users\Owner\Downloads\MINUME_XVII_Guia_VS_Code\backend\node_modules\helmet\index.cjs:537:6)
Error: Origen no permitido por CORS
    at origin (C:\Users\Owner\Downloads\MINUME_XVII_Guia_VS_Code\backend\server.js:76:23)
    at C:\Users\Owner\Downloads\MINUME_XVII_Guia_VS_Code\backend\node_modules\cors\lib\index.js:219:13
    at optionsCallback (C:\Users\Owner\Downloads\MINUME_XVII_Guia_VS_Code\backend\node_modules\cors\lib\index.js:199:9)
    at corsMiddleware (C:\Users\Owner\Downloads\MINUME_XVII_Guia_VS_Code\backend\node_modules\cors\lib\index.js:204:7)
    at Layer.handle [as handle_request] (C:\Users\Owner\Downloads\MINUME_XVII_Guia_VS_Code\backend\node_modules\express\lib\router\layer.js:95:5)
    at trim_prefix (C:\Users\Owner\Downloads\MINUME_XVII_Guia_VS_Code\backend\node_modules\express\lib\router\index.js:328:13)
    at C:\Users\Owner\Downloads\MINUME_XVII_Guia_VS_Code\backend\node_modules\express\lib\router\index.js:286:9
    at router.process_params (C:\Users\Owner\Downloads\MINUME_XVII_Guia_VS_Code\backend\node_modules\express\lib\router\index.js:346:12)
    at next (C:\Users\Owner\Downloads\MINUME_XVII_Guia_VS_Code\backend\node_modules\express\lib\router\index.js:280:10)
    at internalNext (C:\Users\Owner\Downloads\MINUME_XVII_Guia_VS_Code\backend\node_modules\helmet\index.cjs:537:6)
Error: Origen no permitido por CORS
    at origin (C:\Users\Owner\Downloads\MINUME_XVII_Guia_VS_Code\backend\server.js:76:23)
    at C:\Users\Owner\Downloads\MINUME_XVII_Guia_VS_Code\backend\node_modules\cors\lib\index.js:219:13
    at optionsCallback (C:\Users\Owner\Downloads\MINUME_XVII_Guia_VS_Code\backend\node_modules\cors\lib\index.js:199:9)
    at corsMiddleware (C:\Users\Owner\Downloads\MINUME_XVII_Guia_VS_Code\backend\node_modules\cors\lib\index.js:204:7)
    at Layer.handle [as handle_request] (C:\Users\Owner\Downloads\MINUME_XVII_Guia_VS_Code\backend\node_modules\express\lib\router\layer.js:95:5)
    at trim_prefix (C:\Users\Owner\Downloads\MINUME_XVII_Guia_VS_Code\backend\node_modules\express\lib\router\index.js:328:13)
    at C:\Users\Owner\Downloads\MINUME_XVII_Guia_VS_Code\backend\node_modules\express\lib\router\index.js:286:9
    at router.process_params (C:\Users\Owner\Downloads\MINUME_XVII_Guia_VS_Code\backend\node_modules\express\lib\router\index.js:346:12)
    at next (C:\Users\Owner\Downloads\MINUME_XVII_Guia_VS_Code\backend\node_modules\express\lib\router\index.js:280:10)
    at internalNext (C:\Users\Owner\Downloads\MINUME_XVII_Guia_VS_Code\backend\node_modules\helmet\index.cjs:537:6)
Error: Origen no permitido por CORS
    at origin (C:\Users\Owner\Downloads\MINUME_XVII_Guia_VS_Code\backend\server.js:76:23)
    at C:\Users\Owner\Downloads\MINUME_XVII_Guia_VS_Code\backend\node_modules\cors\lib\index.js:219:13
    at optionsCallback (C:\Users\Owner\Downloads\MINUME_XVII_Guia_VS_Code\backend\node_modules\cors\lib\index.js:199:9)
    at corsMiddleware (C:\Users\Owner\Downloads\MINUME_XVII_Guia_VS_Code\backend\node_modules\cors\lib\index.js:204:7)
    at Layer.handle [as handle_request] (C:\Users\Owner\Downloads\MINUME_XVII_Guia_VS_Code\backend\node_modules\express\lib\router\layer.js:95:5)
    at trim_prefix (C:\Users\Owner\Downloads\MINUME_XVII_Guia_VS_Code\backend\node_modules\express\lib\router\index.js:328:13)
    at C:\Users\Owner\Downloads\MINUME_XVII_Guia_VS_Code\backend\node_modules\express\lib\router\index.js:286:9
    at router.process_params (C:\Users\Owner\Downloads\MINUME_XVII_Guia_VS_Code\backend\node_modules\express\lib\router\index.js:346:12)
    at next (C:\Users\Owner\Downloads\MINUME_XVII_Guia_VS_Code\backend\node_modules\express\lib\router\index.js:280:10)
    at internalNext (C:\Users\Owner\Downloads\MINUME_XVII_Guia_VS_Code\backend\node_modules\helmet\index.cjs:537:6)
Error: Origen no permitido por CORS
    at origin (C:\Users\Owner\Downloads\MINUME_XVII_Guia_VS_Code\backend\server.js:76:23)
    at C:\Users\Owner\Downloads\MINUME_XVII_Guia_VS_Code\backend\node_modules\cors\lib\index.js:219:13
    at optionsCallback (C:\Users\Owner\Downloads\MINUME_XVII_Guia_VS_Code\backend\node_modules\cors\lib\index.js:199:9)
    at corsMiddleware (C:\Users\Owner\Downloads\MINUME_XVII_Guia_VS_Code\backend\node_modules\cors\lib\index.js:204:7)
    at Layer.handle [as handle_request] (C:\Users\Owner\Downloads\MINUME_XVII_Guia_VS_Code\backend\node_modules\express\lib\router\layer.js:95:5)
    at trim_prefix (C:\Users\Owner\Downloads\MINUME_XVII_Guia_VS_Code\backend\node_modules\express\lib\router\index.js:328:13)
    at C:\Users\Owner\Downloads\MINUME_XVII_Guia_VS_Code\backend\node_modules\express\lib\router\index.js:286:9
    at router.process_params (C:\Users\Owner\Downloads\MINUME_XVII_Guia_VS_Code\backend\node_modules\express\lib\router\index.js:346:12)
    at next (C:\Users\Owner\Downloads\MINUME_XVII_Guia_VS_Code\backend\node_modules\express\lib\router\index.js:280:10)
    at internalNext (C:\Users\Owner\Downloads\MINUME_XVII_Guia_VS_Code\backend\node_modules\helmet\index.cjs:537:6)
Error: Origen no permitido por CORS
    at origin (C:\Users\Owner\Downloads\MINUME_XVII_Guia_VS_Code\backend\server.js:76:23)
    at C:\Users\Owner\Downloads\MINUME_XVII_Guia_VS_Code\backend\node_modules\cors\lib\index.js:219:13
    at optionsCallback (C:\Users\Owner\Downloads\MINUME_XVII_Guia_VS_Code\backend\node_modules\cors\lib\index.js:199:9)
    at corsMiddleware (C:\Users\Owner\Downloads\MINUME_XVII_Guia_VS_Code\backend\node_modules\cors\lib\index.js:204:7)
    at Layer.handle [as handle_request] (C:\Users\Owner\Downloads\MINUME_XVII_Guia_VS_Code\backend\node_modules\express\lib\router\layer.js:95:5)
    at trim_prefix (C:\Users\Owner\Downloads\MINUME_XVII_Guia_VS_Code\backend\node_modules\express\lib\router\index.js:328:13)
    at C:\Users\Owner\Downloads\MINUME_XVII_Guia_VS_Code\backend\node_modules\express\lib\router\index.js:286:9
    at router.process_params (C:\Users\Owner\Downloads\MINUME_XVII_Guia_VS_Code\backend\node_modules\express\lib\router\index.js:346:12)
    at next (C:\Users\Owner\Downloads\MINUME_XVII_Guia_VS_Code\backend\node_modules\express\lib\router\index.js:280:10)
    at internalNext (C:\Users\Owner\Downloads\MINUME_XVII_Guia_VS_Code\backend\node_modules\helmet\index.cjs:537:6)
